// Jest Snapshot v1, https://goo.gl/fbAQLP

exports[`App renders properly 1`] = `
<Switch>
  <Route
    exact={true}
    path="/board"
    render={[Function]}
  />
  <Route
    render={[Function]}
  />
</Switch>
`;
