// Jest Snapshot v1, https://goo.gl/fbAQLP

exports[`BaseLineToolOptions renders properly 1`] = `
<Fragment>
  <div
    className="tool-option-container"
  >
    <strong>
      Width 
    </strong>
    <select
      name="width"
      onChange={[Function]}
      value={1}
    >
      <option
        key="1"
        value={1}
      >
        1
      </option>
      <option
        key="2"
        value={2}
      >
        2
      </option>
      <option
        key="3"
        value={3}
      >
        3
      </option>
      <option
        key="4"
        value={4}
      >
        4
      </option>
      <option
        key="5"
        value={5}
      >
        5
      </option>
    </select>
  </div>
  <div
    className="tool-option-container"
  >
    <strong>
      Color 
    </strong>
    <input
      name="color"
      onChange={[Function]}
      type="color"
      value="#123"
    />
  </div>
</Fragment>
`;
