// Jest Snapshot v1, https://goo.gl/fbAQLP

exports[`BoardPageContainer renders properly 1`] = `
<div
  className="board-container"
  draggable={false}
>
  <div
    className="top-panel-container"
  >
    <div
      className="top-panel"
    >
      <div
        className="tool-select"
      >
        <select
          name="tool-name-options"
          onChange={[Function]}
          value="Move"
        >
          <option
            key="Move"
            value="Move"
          >
            Move
          </option>
          <option
            key="Zoom"
            value="Zoom"
          >
            Zoom
          </option>
          <option
            key="Rotate"
            value="Rotate"
          >
            Rotate
          </option>
          <option
            key="Brush"
            value="Brush"
          >
            Brush
          </option>
          <option
            key="Line"
            value="Line"
          >
            Line
          </option>
          <option
            key="Rectangle"
            value="Rectangle"
          >
            Rectangle
          </option>
          <option
            key="Circle"
            value="Circle"
          >
            Circle
          </option>
          <option
            key="Figure"
            value="Figure"
          >
            Figure
          </option>
        </select>
      </div>
      <div
        className="tool-options"
      >
        Array [
          <div
            className="tool-option-container"
          >
            <strong>
              Speed 
            </strong>
            <input
              name="speed"
              onChange={[Function]}
              type="text"
              value={1}
            />
            <span>
              (1)
            </span>
          </div>,
          <div
            className="tool-option-container"
          >
            <button
              name="set-default-speed"
              onClick={[Function]}
              type="button"
            >
              Set default speed
            </button>
          </div>,
          <div
            className="tool-option-container"
          >
            <button
              name="restore"
              onClick={[Function]}
              type="button"
            >
              Restore
            </button>
          </div>,
        ]
      </div>
    </div>
  </div>
  <div
    className="drawboard-canvas-container"
    id="drawboard-canvas-container"
    onMouseDown={[Function]}
    onMouseLeave={[Function]}
    onMouseMove={[Function]}
    onMouseUp={[Function]}
  >
    <canvas
      draggable={false}
      id="drawboard-canvas"
    />
  </div>
</div>
`;
